<?xml version="1.0" encoding="UTF-8"?>
<TestRun id="ce6ed440-14f6-4d03-976c-fff91ca14c7b" name="smsng@SMSNG-SMSNG 2015-12-23 23:43:22" runUser="smsng-smsng\smsng" xmlns="http://microsoft.com/schemas/VisualStudio/TeamTest/2010">
  <TestSettings name="Local" id="125f4e30-2029-4c74-aa74-3914b1a7b57d">
    <Description>These are default test settings for a local test run.</Description>
    <Deployment enabled="false" runDeploymentRoot="smsng_SMSNG-SMSNG 2015-12-23 23_43_22">
      <DeploymentItem filename="C:\Users\smsng\Documents\Visual Studio 2010\Projects\SE2015\packages\Newtonsoft.Json.7.0.1\lib\net40\Newtonsoft.Json.dll" />
      <DeploymentItem filename="C:\Users\smsng\Documents\Visual Studio 2010\Projects\SE2015\bin\Debug\SE2015.exe" />
    </Deployment>
    <Execution>
      <TestTypeSpecific />
      <AgentRule name="Execution Agents">
      </AgentRule>
    </Execution>
  </TestSettings>
  <Times creation="2015-12-23T23:43:22.7706224+02:00" queuing="2015-12-23T23:43:22.8406225+02:00" start="2015-12-23T23:43:22.8406225+02:00" finish="2015-12-23T23:43:29.1606324+02:00" />
  <ResultSummary outcome="Completed">
    <Counters total="3" executed="3" passed="3" error="0" failed="0" timeout="0" aborted="0" inconclusive="0" passedButRunAborted="0" notRunnable="0" notExecuted="0" disconnected="0" warning="0" completed="0" inProgress="0" pending="0" />
  </ResultSummary>
  <TestDefinitions>
    <UnitTest name="EmptyChoiceTest" storage="c:\users\smsng\documents\visual studio 2010\projects\testproject\bin\debug\testproject.dll" id="627b22ff-8a04-ed1d-10c1-c6e2b72f0561">
      <Execution id="4a262bf4-de0a-4272-9813-94e7153c471c" />
      <TestMethod codeBase="C:/Users/smsng/Documents/Visual Studio 2010/Projects/TestProject/bin/Debug/TestProject.DLL" adapterTypeName="Microsoft.VisualStudio.TestTools.TestTypes.Unit.UnitTestAdapter, Microsoft.VisualStudio.QualityTools.Tips.UnitTest.Adapter, Version=10.0.0.0, Culture=neutral, PublicKeyToken=b03f5f7f11d50a3a" className="TestProject.TestingFormTest, TestProject, Version=1.0.0.0, Culture=neutral, PublicKeyToken=null" name="EmptyChoiceTest" />
    </UnitTest>
    <UnitTest name="RightChoiceTest" storage="c:\users\smsng\documents\visual studio 2010\projects\testproject\bin\debug\testproject.dll" id="cf3d8c8b-c308-230d-ed27-0b984af60fea">
      <Execution id="4b12cef7-1e16-4363-a3ae-e403c7977f34" />
      <TestMethod codeBase="C:/Users/smsng/Documents/Visual Studio 2010/Projects/TestProject/bin/Debug/TestProject.DLL" adapterTypeName="Microsoft.VisualStudio.TestTools.TestTypes.Unit.UnitTestAdapter, Microsoft.VisualStudio.QualityTools.Tips.UnitTest.Adapter, Version=10.0.0.0, Culture=neutral, PublicKeyToken=b03f5f7f11d50a3a" className="TestProject.TestingFormTest, TestProject, Version=1.0.0.0, Culture=neutral, PublicKeyToken=null" name="RightChoiceTest" />
    </UnitTest>
    <UnitTest name="TimerTest" storage="c:\users\smsng\documents\visual studio 2010\projects\testproject\bin\debug\testproject.dll" id="4de5f492-6ab0-7c81-1374-b43f50388b8d">
      <Execution id="5337cdcc-851a-4acf-aae8-73b82d7cec66" />
      <TestMethod codeBase="C:/Users/smsng/Documents/Visual Studio 2010/Projects/TestProject/bin/Debug/TestProject.DLL" adapterTypeName="Microsoft.VisualStudio.TestTools.TestTypes.Unit.UnitTestAdapter, Microsoft.VisualStudio.QualityTools.Tips.UnitTest.Adapter, Version=10.0.0.0, Culture=neutral, PublicKeyToken=b03f5f7f11d50a3a" className="TestProject.TestingFormTest, TestProject, Version=1.0.0.0, Culture=neutral, PublicKeyToken=null" name="TimerTest" />
    </UnitTest>
  </TestDefinitions>
  <TestLists>
    <TestList name="Results Not in a List" id="8c84fa94-04c1-424b-9868-57a2d4851a1d" />
    <TestList name="All Loaded Results" id="19431567-8539-422a-85d7-44ee4e166bda" />
  </TestLists>
  <TestEntries>
    <TestEntry testId="4de5f492-6ab0-7c81-1374-b43f50388b8d" executionId="5337cdcc-851a-4acf-aae8-73b82d7cec66" testListId="8c84fa94-04c1-424b-9868-57a2d4851a1d" />
    <TestEntry testId="627b22ff-8a04-ed1d-10c1-c6e2b72f0561" executionId="4a262bf4-de0a-4272-9813-94e7153c471c" testListId="8c84fa94-04c1-424b-9868-57a2d4851a1d" />
    <TestEntry testId="cf3d8c8b-c308-230d-ed27-0b984af60fea" executionId="4b12cef7-1e16-4363-a3ae-e403c7977f34" testListId="8c84fa94-04c1-424b-9868-57a2d4851a1d" />
  </TestEntries>
  <Results>
    <UnitTestResult executionId="5337cdcc-851a-4acf-aae8-73b82d7cec66" testId="4de5f492-6ab0-7c81-1374-b43f50388b8d" testName="TimerTest" computerName="SMSNG-SMSNG" duration="00:00:06.0138250" startTime="2015-12-23T23:43:22.8506225+02:00" endTime="2015-12-23T23:43:29.0406323+02:00" testType="13cdc9d9-ddb5-4fa4-a97d-d965ccfc6d4b" outcome="Passed" testListId="8c84fa94-04c1-424b-9868-57a2d4851a1d" relativeResultsDirectory="5337cdcc-851a-4acf-aae8-73b82d7cec66">
    </UnitTestResult>
    <UnitTestResult executionId="4a262bf4-de0a-4272-9813-94e7153c471c" testId="627b22ff-8a04-ed1d-10c1-c6e2b72f0561" testName="EmptyChoiceTest" computerName="SMSNG-SMSNG" duration="00:00:00.0558227" startTime="2015-12-23T23:43:29.0406323+02:00" endTime="2015-12-23T23:43:29.0906323+02:00" testType="13cdc9d9-ddb5-4fa4-a97d-d965ccfc6d4b" outcome="Passed" testListId="8c84fa94-04c1-424b-9868-57a2d4851a1d" relativeResultsDirectory="4a262bf4-de0a-4272-9813-94e7153c471c">
    </UnitTestResult>
    <UnitTestResult executionId="4b12cef7-1e16-4363-a3ae-e403c7977f34" testId="cf3d8c8b-c308-230d-ed27-0b984af60fea" testName="RightChoiceTest" computerName="SMSNG-SMSNG" duration="00:00:00.0501522" startTime="2015-12-23T23:43:29.1006324+02:00" endTime="2015-12-23T23:43:29.1506324+02:00" testType="13cdc9d9-ddb5-4fa4-a97d-d965ccfc6d4b" outcome="Passed" testListId="8c84fa94-04c1-424b-9868-57a2d4851a1d" relativeResultsDirectory="4b12cef7-1e16-4363-a3ae-e403c7977f34">
    </UnitTestResult>
  </Results>
</TestRun>